2025-05-03 14:31:21 - INFO - === Environment ===
2025-05-03 14:31:21 - INFO - Python: 3.11.11
2025-05-03 14:31:21 - INFO - Platform: darwin
2025-05-03 14:31:21 - INFO - Pytest: 8.3.5
2025-05-03 14:31:21 - INFO - === Dependencies ===
2025-05-03 14:31:21 - INFO - joblib     : 1.4.2
2025-05-03 14:31:21 - INFO - matplotlib : 3.10.1
2025-05-03 14:31:21 - INFO - nbformat   : 5.10.4
2025-05-03 14:31:21 - INFO - numba      : 0.61.0
2025-05-03 14:31:21 - INFO - numpy      : 2.1.3
2025-05-03 14:31:21 - INFO - pandas     : 2.2.3
2025-05-03 14:31:21 - INFO - plotly     : 6.0.1
2025-05-03 14:31:21 - INFO - plotnine   : 0.14.5
2025-05-03 14:31:21 - INFO - scanpy     : 1.11.1
2025-05-03 14:31:21 - INFO - scipy      : 1.15.2
2025-05-03 14:31:21 - INFO - tqdm       : 4.67.1
